------------------------------------------------------------
Timing Analyzer Summary
------------------------------------------------------------

Type  : Slow 1100mV 85C Model Setup 'CLOCK_50'
Slack : -15.769
TNS   : -7433.778

Type  : Slow 1100mV 85C Model Setup 'assignments:a1|datapath:d1|out[0]'
Slack : -5.673
TNS   : -74.766

Type  : Slow 1100mV 85C Model Setup 'VGA|mypll|altpll_component|auto_generated|generic_pll1~PLL_OUTPUT_COUNTER|divclk'
Slack : 33.325
TNS   : 0.000

Type  : Slow 1100mV 85C Model Hold 'CLOCK_50'
Slack : 0.167
TNS   : 0.000

Type  : Slow 1100mV 85C Model Hold 'VGA|mypll|altpll_component|auto_generated|generic_pll1~PLL_OUTPUT_COUNTER|divclk'
Slack : 0.363
TNS   : 0.000

Type  : Slow 1100mV 85C Model Hold 'assignments:a1|datapath:d1|out[0]'
Slack : 0.451
TNS   : 0.000

Type  : Slow 1100mV 85C Model Minimum Pulse Width 'assignments:a1|datapath:d1|out[0]'
Slack : -0.394
TNS   : -11.024

Type  : Slow 1100mV 85C Model Minimum Pulse Width 'VGA|mypll|altpll_component|auto_generated|generic_pll1~FRACTIONAL_PLL|vcoph[0]'
Slack : 1.666
TNS   : 0.000

Type  : Slow 1100mV 85C Model Minimum Pulse Width 'CLOCK_50'
Slack : 8.858
TNS   : 0.000

Type  : Slow 1100mV 85C Model Minimum Pulse Width 'VGA|mypll|altpll_component|auto_generated|generic_pll1~PLL_OUTPUT_COUNTER|divclk'
Slack : 18.775
TNS   : 0.000

Type  : Slow 1100mV 0C Model Setup 'CLOCK_50'
Slack : -16.991
TNS   : -8050.442

Type  : Slow 1100mV 0C Model Setup 'assignments:a1|datapath:d1|out[0]'
Slack : -5.643
TNS   : -76.044

Type  : Slow 1100mV 0C Model Setup 'VGA|mypll|altpll_component|auto_generated|generic_pll1~PLL_OUTPUT_COUNTER|divclk'
Slack : 33.534
TNS   : 0.000

Type  : Slow 1100mV 0C Model Hold 'CLOCK_50'
Slack : -0.053
TNS   : -0.053

Type  : Slow 1100mV 0C Model Hold 'VGA|mypll|altpll_component|auto_generated|generic_pll1~PLL_OUTPUT_COUNTER|divclk'
Slack : 0.322
TNS   : 0.000

Type  : Slow 1100mV 0C Model Hold 'assignments:a1|datapath:d1|out[0]'
Slack : 0.464
TNS   : 0.000

Type  : Slow 1100mV 0C Model Minimum Pulse Width 'assignments:a1|datapath:d1|out[0]'
Slack : -0.394
TNS   : -11.038

Type  : Slow 1100mV 0C Model Minimum Pulse Width 'VGA|mypll|altpll_component|auto_generated|generic_pll1~FRACTIONAL_PLL|vcoph[0]'
Slack : 1.666
TNS   : 0.000

Type  : Slow 1100mV 0C Model Minimum Pulse Width 'CLOCK_50'
Slack : 8.808
TNS   : 0.000

Type  : Slow 1100mV 0C Model Minimum Pulse Width 'VGA|mypll|altpll_component|auto_generated|generic_pll1~PLL_OUTPUT_COUNTER|divclk'
Slack : 18.755
TNS   : 0.000

Type  : Fast 1100mV 85C Model Setup 'CLOCK_50'
Slack : -3.020
TNS   : -95.648

Type  : Fast 1100mV 85C Model Setup 'assignments:a1|datapath:d1|out[0]'
Slack : -3.004
TNS   : -35.892

Type  : Fast 1100mV 85C Model Setup 'VGA|mypll|altpll_component|auto_generated|generic_pll1~PLL_OUTPUT_COUNTER|divclk'
Slack : 35.568
TNS   : 0.000

Type  : Fast 1100mV 85C Model Hold 'assignments:a1|datapath:d1|out[0]'
Slack : 0.170
TNS   : 0.000

Type  : Fast 1100mV 85C Model Hold 'CLOCK_50'
Slack : 0.177
TNS   : 0.000

Type  : Fast 1100mV 85C Model Hold 'VGA|mypll|altpll_component|auto_generated|generic_pll1~PLL_OUTPUT_COUNTER|divclk'
Slack : 0.237
TNS   : 0.000

Type  : Fast 1100mV 85C Model Minimum Pulse Width 'assignments:a1|datapath:d1|out[0]'
Slack : -0.029
TNS   : -0.212

Type  : Fast 1100mV 85C Model Minimum Pulse Width 'VGA|mypll|altpll_component|auto_generated|generic_pll1~FRACTIONAL_PLL|vcoph[0]'
Slack : 1.666
TNS   : 0.000

Type  : Fast 1100mV 85C Model Minimum Pulse Width 'CLOCK_50'
Slack : 8.806
TNS   : 0.000

Type  : Fast 1100mV 85C Model Minimum Pulse Width 'VGA|mypll|altpll_component|auto_generated|generic_pll1~PLL_OUTPUT_COUNTER|divclk'
Slack : 18.890
TNS   : 0.000

Type  : Fast 1100mV 0C Model Setup 'assignments:a1|datapath:d1|out[0]'
Slack : -2.693
TNS   : -33.735

Type  : Fast 1100mV 0C Model Setup 'CLOCK_50'
Slack : -2.464
TNS   : -75.163

Type  : Fast 1100mV 0C Model Setup 'VGA|mypll|altpll_component|auto_generated|generic_pll1~PLL_OUTPUT_COUNTER|divclk'
Slack : 36.076
TNS   : 0.000

Type  : Fast 1100mV 0C Model Hold 'CLOCK_50'
Slack : 0.138
TNS   : 0.000

Type  : Fast 1100mV 0C Model Hold 'assignments:a1|datapath:d1|out[0]'
Slack : 0.152
TNS   : 0.000

Type  : Fast 1100mV 0C Model Hold 'VGA|mypll|altpll_component|auto_generated|generic_pll1~PLL_OUTPUT_COUNTER|divclk'
Slack : 0.212
TNS   : 0.000

Type  : Fast 1100mV 0C Model Minimum Pulse Width 'assignments:a1|datapath:d1|out[0]'
Slack : 0.032
TNS   : 0.000

Type  : Fast 1100mV 0C Model Minimum Pulse Width 'VGA|mypll|altpll_component|auto_generated|generic_pll1~FRACTIONAL_PLL|vcoph[0]'
Slack : 1.666
TNS   : 0.000

Type  : Fast 1100mV 0C Model Minimum Pulse Width 'CLOCK_50'
Slack : 8.799
TNS   : 0.000

Type  : Fast 1100mV 0C Model Minimum Pulse Width 'VGA|mypll|altpll_component|auto_generated|generic_pll1~PLL_OUTPUT_COUNTER|divclk'
Slack : 18.889
TNS   : 0.000

------------------------------------------------------------
